✔ native tilted affine samples retain interior heights and inverse query matches (8.2482ms)
✔ height query matches actual rendered triangle ray intersections independently (9.2895ms)
✔ unknown and boundary use fallback; blending uses world metres and outside returns null (4.8847ms)
✔ full-only chunk seams share bit-identical positions and global native normals (3.5198ms)
✔ 1600x1200 native grid keeps every sample and full-resolution triangle budget (567.2637ms)
✔ triangle removal requires every vertex within affine inset, independent of camera (0.6026ms)
✔ owned geometry disposal preserves borrowed arrays, material and texture (0.703ms)
✔ finite geometry budgets and invalid data are rejected (29.752ms)
✔ earned tank and fins improve the actual oxygen and swim controller without changing walking speed (20.2125ms)
✔ context interaction shares E and leaves vessel interaction available when no field action consumes it (2.2396ms)
✔ real swimming and diving controller phases drive both body wrists without synthetic phase updates (351.1435ms)
✔ held touch jump takes off once, lands, and requires release before the next jump (1.6485ms)
✔ water route detours around land and every resulting segment clears the hull (2.5963ms)
✔ fine cove exits connect to a kilometre voyage without cutting through the coast (7.6639ms)
✔ shallow departures and enclosed lagoons fail with a bounded descriptive result (2.3604ms)
✔ cliffs block swept walking while gentle slopes remain walkable (3.2214ms)
✔ solid stairs step up and down, tall walls block and a jump lands on a rock (47.1247ms)
✔ vertical diving and rising stop against submerged rock faces without changing horizontal location (9.4565ms)
✔ legacy non-heightfield terrain vertical hooks still stop dives with an empty solid registry (4.1105ms)
✔ shore walking accelerates, wades, swims, dives and surfaces without relocation (20.5583ms)
✔ walk, jump, running stamina, gentle gait and stopping have physical inertia (2.3006ms)
✔ camera direction drives submerged swimming, seabed/depth and air recovery remain bounded (32.4762ms)
✔ paused ambient motion holds dive air while intentional swimming remains available (1.4059ms)
✔ one world connects beach approach, smooth boarding, voyage and nearby water disembark (46.1323ms)
✔ the actually drawn stern ladder boards continuously from the observed failing approach (3.6799ms)
✔ stern boarding and exit avoid the rear bench as an actual swept solid (23.2516ms)
✔ seated camera uses the same yaw-pitch-roll frame as the drawn vessel and helm body (0.9764ms)
✔ the placed hull blocks swimming through the vessel while its ladder remains reachable (3.2356ms)
✔ solid furniture blocks the boarding arc and removal restores the same physical ladder (13.1142ms)
✔ manual boat accelerates, coasts, reads water attitude and stops before grounding (7.3983ms)
✔ planned clearance survives different frame offsets and manual input cancels a voyage (160.9811ms)
✔ hidden tabs, blur, editable fields, Escape and disposal reset held movement (5.1978ms)
✔ pointer lock is requested only by canvas gesture, locked relative look and Escape release work (3.0694ms)
✔ denied pointer lock retains drag fallback and touch never requests lock (1.8813ms)
✔ world bounds and invalid requests stay finite (4.6099ms)
✔ real ladder animations keep the lens monotonic through walking and helm poses in both directions (5.145ms)
✔ boat wheel changes the lens without releasing held propulsion and ignores menus/browser zoom/walking (2.6083ms)
✔ rightward drag turns the actual FPS forward vector right; sensitivity and both inversion axes apply (5.7961ms)
✔ remapped movement, jump and interaction use new keys; menus freeze inputs and release held movement (3.3033ms)
✔ integrated GSI terrain supports the actual coves and neighbour-island voyages (13380.5297ms)
✔ native provider samples are pinned and remain on their unresampled coordinate lattice (1475.8011ms)
✔ measured coast cutout and map handoff keep the visible floor and whole shore-solver domain (9433.4507ms)
ℹ tests 42
ℹ suites 0
ℹ pass 42
ℹ fail 0
ℹ cancelled 0
ℹ skipped 0
ℹ todo 0
ℹ duration_ms 14543.4571
