vite v8.3.1 building client environment for production...
transforming...
✓ 159 modules transformed.
rendering chunks...
computing gzip size...
dist/index.html                                                        6.54 kB │ gzip:     2.63 kB
dist/assets/sea-step-water-C0_vtLXq.ogg                               19.81 kB
dist/assets/sea-step-sand-DnZgvNBb.ogg                                22.24 kB
dist/assets/sea-hull-creak-CRNgrL2n.ogg                               28.31 kB
dist/assets/sea-bird-call-cAIpmFM7.ogg                                45.08 kB
dist/assets/sea-scuba-breath-DyB7KrBB.ogg                             49.35 kB
dist/assets/canopy0-leaf-alpha-1k-ChBvg7q5.png                        57.43 kB
dist/assets/sea-engine-idle-CVtosfA6.ogg                              79.75 kB
dist/assets/sea-wind-soft-Cxt0zRXj.ogg                                83.20 kB
dist/assets/hull-water-calm-BaamPcog.ogg                              84.33 kB
dist/assets/sea-surf-wash-BTRSL0JP.ogg                                94.09 kB
dist/assets/albedo-D9cJMnBE.png                                      273.12 kB
dist/assets/namaqualand-boulder-03-seams-v34-Bb900p3I.glb            521.23 kB
dist/assets/coast-rocks-03-seams-v34-I-nNCyDf.glb                    548.94 kB
dist/assets/coast-rocks-01-seams-v34-CAn2e3y6.glb                    555.02 kB
dist/assets/namaqualand-boulder-02-seams-v34-D25PNkW7.glb            576.86 kB
dist/assets/rock_face_03_arm_1k-C27lpcRN.jpg                         793.24 kB
dist/assets/rock_face_03_disp_2k-e5dySjb5.jpg                        798.14 kB
dist/assets/white_plaster_02_arm_2k-B6m9MGSE.jpg                     894.38 kB
dist/assets/shrub-lod-1k-g1X7JTdH.glb                              1,557.27 kB
dist/assets/arm-EtazgstC.png                                       1,576.39 kB
dist/assets/tomari-west-volume-v32-BR9umsqL.glb                    2,246.89 kB
dist/assets/boulder-01-seams-v34-C7KQqx9r.glb                      2,504.54 kB
dist/assets/sand_02_arm_2k-Ctga7VmT.jpg                            2,525.39 kB
dist/assets/white_plaster_02_diff_2k-05MZ8Uo3.jpg                  2,568.31 kB
dist/assets/tomari-black-pine-v1-C_w4nxkv.png                      2,778.52 kB
dist/assets/rock_face_03_arm_2k-C5jTxzNS.jpg                       3,215.09 kB
dist/assets/clean_asphalt_diff_2k-DV8AlPQC.jpg                     3,314.99 kB
dist/assets/white_plaster_02_nor_gl_2k-DFt3Fcj6.jpg                3,379.81 kB
dist/assets/terlenka_diff_2k-p297F32e.jpg                          3,431.36 kB
dist/assets/clean_asphalt_arm_2k-CSpGCf_L.jpg                      3,461.11 kB
dist/assets/normal-C_XwvaHU.png                                    3,718.47 kB
dist/assets/pumice-albedo-generated-v9-llZJG2Ed.png                3,802.07 kB
dist/assets/rock_face_03_diff_2k-BWX8O4N9.jpg                      3,814.36 kB
dist/assets/tomari-atlas-v1-CgmV0Yf8.png                           3,831.29 kB
dist/assets/clean_asphalt_nor_gl_2k-CAKnOH60.jpg                   3,923.72 kB
dist/assets/forest_floor_arm_2k-CUjc10f6.jpg                       3,926.63 kB
dist/assets/terlenka_rough_2k-C4tiol0Q.jpg                         4,073.32 kB
dist/assets/terlenka_nor_gl_2k-DzGfdFCo.jpg                        4,113.35 kB
dist/assets/sand_02_diff_2k-Y8bG7JzV.jpg                           4,368.94 kB
dist/assets/rock_face_03_nor_gl_2k-Coghta4t.jpg                    4,473.24 kB
dist/assets/sand_02_nor_gl_2k-CoR_8Onz.jpg                         5,297.79 kB
dist/assets/forest_floor_nor_gl_2k-D7JnyIzI.jpg                    5,367.75 kB
dist/assets/kloofendal_48d_partly_cloudy_puresky_2k-YzxP7-LP.hdr   5,451.49 kB
dist/assets/forest_floor_diff_2k-BfZT4Iqv.jpg                      5,452.93 kB
dist/assets/canopy2-lod-1k-Ban3ksw9.glb                            7,741.31 kB
dist/assets/canopy1-lod-1k-D69f3e7s.glb                            7,851.73 kB
dist/assets/canopy0-lod-1k-9ZcN2FjK.glb                            7,995.06 kB
dist/assets/namaqualand-boulder-03-2k-DAYjTenf.glb                 9,221.72 kB
dist/assets/coast-rocks-01-2k-LbXUludo.glb                         9,832.11 kB
dist/assets/coast-rocks-03-2k-CqAWqozz.glb                        10,389.26 kB
dist/assets/namaqualand-boulder-02-2k-CkLajSto.glb                11,271.55 kB
dist/assets/boulder-01-2k-DPiaQdMR.glb                            11,345.09 kB
dist/assets/original-canopy-lod-1k-DNKlgiLn.glb                   13,770.12 kB
dist/assets/rock_face_03_diff_4k-Dx9gMpex.jpg                     15,319.50 kB
dist/assets/rock_face_03_nor_gl_4k-C-dLIVXE.jpg                   16,283.88 kB
dist/assets/original-canopy-lod-1k-wJ4FKjXf.glb                   17,439.10 kB
dist/assets/original-canopy-lod-1k-DK8dRebf.glb                   20,548.36 kB
dist/assets/index-Diwb46uU.css                                        33.91 kB │ gzip:     7.65 kB
dist/assets/index-DqGyUfAm.js                                     20,290.13 kB │ gzip: 9,951.72 kB

✓ built in 1.35s
[plugin builtin:vite-reporter]
(!) Some chunks are larger than 500 kB after minification. Consider:
- Using dynamic import() to code-split the application
- Use build.rolldownOptions.output.codeSplitting to improve chunking: https://rolldown.rs/reference/OutputOptions.codeSplitting
- Adjust chunk size limit for this warning via build.chunkSizeWarningLimit.
Standalone ocean: dist/sea.html
