✔ earned tank and fins improve the actual oxygen and swim controller without changing walking speed (32.292ms)
✔ context interaction shares E and leaves vessel interaction available when no field action consumes it (2.3149ms)
✔ real swimming and diving controller phases drive both body wrists without synthetic phase updates (397.0279ms)
✔ held touch jump takes off once, lands, and requires release before the next jump (1.3914ms)
✔ water route detours around land and every resulting segment clears the hull (3.0675ms)
✔ fine cove exits connect to a kilometre voyage without cutting through the coast (8.4025ms)
✔ shallow departures and enclosed lagoons fail with a bounded descriptive result (1.8749ms)
✔ cliffs block swept walking while gentle slopes remain walkable (2.2127ms)
✔ solid stairs step up and down, tall walls block and a jump lands on a rock (51.0649ms)
✔ vertical diving and rising stop against submerged rock faces without changing horizontal location (16.5445ms)
✔ legacy non-heightfield terrain vertical hooks still stop dives with an empty solid registry (7.2702ms)
✔ shore walking accelerates, wades, swims, dives and surfaces without relocation (29.6582ms)
✔ walk, jump, running stamina, gentle gait and stopping have physical inertia (3.2184ms)
✔ camera direction drives submerged swimming, seabed/depth and air recovery remain bounded (40.1297ms)
✔ paused ambient motion holds dive air while intentional swimming remains available (1.2371ms)
✔ one world connects beach approach, smooth boarding, voyage and nearby water disembark (50.9863ms)
✔ the actually drawn stern ladder boards continuously from the observed failing approach (3.526ms)
✔ stern boarding and exit avoid the rear bench as an actual swept solid (19.7105ms)
✔ seated camera uses the same yaw-pitch-roll frame as the drawn vessel and helm body (0.7041ms)
✔ the placed hull blocks swimming through the vessel while its ladder remains reachable (2.9836ms)
✔ solid furniture blocks the boarding arc and removal restores the same physical ladder (4.2188ms)
✔ manual boat accelerates, coasts, reads water attitude and stops before grounding (5.3215ms)
✔ planned clearance survives different frame offsets and manual input cancels a voyage (114.1202ms)
✔ hidden tabs, blur, editable fields, Escape and disposal reset held movement (4.1104ms)
✔ pointer lock is requested only by canvas gesture, locked relative look and Escape release work (3.1408ms)
✔ denied pointer lock retains drag fallback and touch never requests lock (2.0693ms)
✔ world bounds and invalid requests stay finite (4.8406ms)
✔ real ladder animations keep the lens monotonic through walking and helm poses in both directions (5.7477ms)
✔ boat wheel changes the lens without releasing held propulsion and ignores menus/browser zoom/walking (3.1829ms)
✔ paddling uses a valid embodied capsule and crosses empty water without false collision (2.4923ms)
✔ rightward drag turns the actual FPS forward vector right; sensitivity and both inversion axes apply (4.8736ms)
✔ remapped movement, jump and interaction use new keys; menus freeze inputs and release held movement (3.0845ms)
✔ integrated GSI terrain supports the actual coves and neighbour-island voyages (9107.7605ms)
✔ GSI land snapshot contains all three real islands and a high-resolution Tomari patch (883.1165ms)
✔ the sandy Tomari spawn has camera height and a continuous walk into shallow water (0.282ms)
✔ arrival points are water and every island has a dry coastal landing (0.1802ms)
✔ Tomari detail joins the main DEM continuously at all raster edges (0.208ms)
✔ depth maps store metre-valued half floats and preserve GSI cell order (783.7082ms)
✔ terrain triangle budget and map outlines are bounded and useful (0.8581ms)
✔ refined beach and cliff mesh use the exact collision triangles, with joined patch edges (1.3016ms)
✔ bilinear GPU bathymetry agrees with the visible beach strand between texel centres (1.2307ms)
✔ travel-island movement samples match visible coarse mesh surfaces (0.6163ms)
✔ non-heightfield cliff volumes have conservative swept-body collision without obstructing the sandy exit (14.6013ms)
✔ actual GSI voyages clear both bathymetry and the new rock volumes (3552.0991ms)
✔ point-guided native canopies retain source proportions and root contact (458.5925ms)
✔ invalid or underwater roots cannot create survey trees (467.9256ms)
✔ physical proxies share the actual native near root even when far wood is displaced (335.0434ms)
✔ measured dry-foot correction reaches actual world render, bathymetry and routes (12518.1082ms)
✔ Tokyo derivative has intact payload and declares reprojection/precision limits (2.8029ms)
✔ patch boundary coincides with both existing terrain lattices (0.3057ms)
✔ render triangle centroids and sampled footing agree, including chunk edges (2.383ms)
✔ outer seam retains old rendered heights at common vertices (1.6816ms)
✔ western cliff changes, berth water and spawn remain outside land reconstruction (0.2631ms)
✔ measured dry rock cannot be suppressed into the old authored beach (1.0514ms)
✔ dispose does not destroy borrowed terrain material (425.459ms)
✔ survey exclusion omits whole legacy rock cells, keeping every visible remnant collidable (131.8519ms)
ℹ tests 56
ℹ suites 0
ℹ pass 56
ℹ fail 0
ℹ cancelled 0
ℹ skipped 0
ℹ todo 0
ℹ duration_ms 24958.2476
